// Jest Snapshot v1, https://goo.gl/fbAQLP

exports[`Login Component renders the UI as expected 1`] = `
<div
  className="Login"
>
  <form
    className="LoginForm"
    onSubmit={[Function]}
  >
    <header>
      <h1>
        Login
      </h1>
    </header>
    <div
      className="hint"
    >
      <span
        className="Required "
      >
        *
      </span>
       required fields
    </div>
    <div
      className="LabelGroup LoginForm__username"
    >
      <label
        className="Label "
        htmlFor="username"
      >
        Username 
        <span
          className="Required "
        >
          *
        </span>
      </label>
      <input
        className="Input "
        id="username"
        name="username"
        onChange={[Function]}
        type="text"
        value=""
      />
      <div
        className="NoError"
      >
         
      </div>
    </div>
    <div
      className="LabelGroup LoginForm__password"
    >
      <label
        className="Label "
        htmlFor="password"
      >
        Password 
        <span
          className="Required "
        >
          *
        </span>
      </label>
      <input
        className="Input "
        id="password"
        name="password"
        onChange={[Function]}
        type="password"
        value=""
      />
      <div
        className="NoError"
      >
         
      </div>
    </div>
    <div
      className="LoginForm--error"
    >
      <div
        className="NoError"
      >
         
      </div>
    </div>
    <div
      className="LoginForm__buttons"
    >
      <button
        className="Button form__button"
        disabled="Username is required"
        type="submit"
      >
        Login
      </button>
    </div>
    <div
      className="LoginForm__other_links"
    >
      Don't have an account? 
      <a
        href="/create-account"
        onClick={[Function]}
      >
        Create Account
      </a>
    </div>
  </form>
</div>
`;
