// Jest Snapshot v1, https://goo.gl/fbAQLP

exports[`Results Component renders the UI as expected 1`] = `
<div
  className="ResultsDisplay"
/>
`;
